Error: Already a variable with name 'a' in this scope.
