Error: Cannot use 'super' in a class with no superclass.
